// Vitest Snapshot v1, https://vitest.dev/guide/snapshot.html

exports[`场景回归快照 > m0-team.yaml 1`] = `
{
  "byAction": [
    "椿 E3：181415.08（20.81%，1 段）",
    "椿 A4：146016.43（16.75%，40 段）",
    "椿 大招：78595.87（9.01%，1 段）",
    "椿 A5：56906.99（6.53%，8 段）",
    "椿 A3：53757.03（6.17%，6 段）",
    "椿 E2：45391.18（5.21%，5 段）",
    "椿 A2：37614.79（4.31%，4 段）",
    "椿 Q·斩击：35605.07（4.08%，6 段）",
    "椿 E1：31459.43（3.61%，2 段）",
    "椿 盛绽·A4：28428.58（3.26%，3 段）",
    "椿 A1：25597.8（2.94%，2 段）",
    "散华 大招：23892.53（2.74%，1 段）",
    "椿 盛绽·A3：18234.24（2.09%，6 段）",
    "散华 重击居合：16865.1（1.93%，2 段）",
    "散华 E：15750.81（1.81%，2 段）",
    "椿 QTE：14957.98（1.72%，1 段）",
    "椿 盛绽·A1：13336.82（1.53%，1 段）",
    "椿 盛绽·A2：12635.17（1.45%，2 段）",
    "散华 大招-引爆冰川：6364.84（0.73%，1 段）",
    "散华 QTE：6219.93（0.71%，2 段）",
    "散华 Q·砸地：4980.25（0.57%，1 段）",
    "维里奈 大招：2823.34（0.32%，10 段）",
    "散华 A3：2533.5（0.29%，4 段）",
    "散华 A4：2328.1（0.27%，2 段）",
    "散华 A2：2163.57（0.25%，1 段）",
    "维里奈 Q·爆气：1690.58（0.19%，1 段）",
    "维里奈 重击-强化撞1：1595.2（0.18%，2 段）",
    "散华 A1：1428.68（0.16%，1 段）",
    "维里奈 E：1104.27（0.13%，2 段）",
    "维里奈 A5：571.73（0.07%，1 段）",
    "维里奈 A4：537.34（0.06%，1 段）",
    "维里奈 A2：408.45（0.05%，1 段）",
    "维里奈 A3：408.45（0.05%，2 段）",
    "维里奈 A1：302.95（0.03%，1 段）",
  ],
  "byChar": {
    "散华": "82527.32（9.46%）",
    "椿": "779952.47（89.45%）",
    "维里奈": "9442.3（1.08%）",
  },
  "dps": 25544.59,
  "overflowDamage": 0,
  "totalDamage": 871922.08,
  "warnings": [
    "椿 有 20 处装配时推断的值（pnpm check:data -- --flags 椿 查看）",
    "散华 有 27 处装配时推断的值（pnpm check:data -- --flags 散华 查看）",
    "维里奈 有 13 处装配时推断的值（pnpm check:data -- --flags 维里奈 查看）",
  ],
  "windowFrames": 2048,
}
`;

exports[`场景回归快照 > m0-散华单人.yaml 1`] = `
{
  "byAction": [
    "散华 大招：3083.2（49.12%，1 段）",
    "散华 E：1277.15（20.35%，1 段）",
    "散华 A5：891（14.19%，1 段）",
    "散华 A3：307.6（4.90%，4 段）",
    "散华 A4：282.8（4.51%，2 段）",
    "散华 A2：262.35（4.18%，1 段）",
    "散华 A1：173.2（2.76%，1 段）",
  ],
  "byChar": {
    "散华": "6277.3（100.00%）",
    "椿": "0（0.00%）",
    "维里奈": "0（0.00%）",
  },
  "dps": 1340.35,
  "overflowDamage": 0,
  "totalDamage": 6277.3,
  "warnings": [
    "椿 有 20 处装配时推断的值（pnpm check:data -- --flags 椿 查看）",
    "散华 有 27 处装配时推断的值（pnpm check:data -- --flags 散华 查看）",
    "维里奈 有 13 处装配时推断的值（pnpm check:data -- --flags 维里奈 查看）",
  ],
  "windowFrames": 281,
}
`;
