// Vitest Snapshot v1, https://vitest.dev/guide/snapshot.html

exports[`场景回归快照 > m0-team.yaml 1`] = `
{
  "byAction": [
    "椿 E3：24675.28（20.24%，1 段）",
    "椿 A4：20250.08（16.61%，40 段）",
    "椿 大招：12076.95（9.91%，1 段）",
    "椿 A5：7694.84（6.31%，8 段）",
    "椿 A3：7537.64（6.18%，6 段）",
    "椿 E2：6175.6（5.07%，5 段）",
    "椿 A2：5209.84（4.27%，4 段）",
    "椿 E1：4138.38（3.39%，2 段）",
    "散华 重击居合：3993.4（3.28%，2 段）",
    "散华 大招：3891.9（3.19%，1 段）",
    "椿 盛绽·A4：3783.66（3.10%，3 段）",
    "椿 A1：3502.25（2.87%，2 段）",
    "散华 E：2511.7（2.06%，2 段）",
    "椿 盛绽·A3：2398.52（1.97%，6 段）",
    "椿 QTE：2231.56（1.83%，1 段）",
    "椿 盛绽·A1：1754.21（1.44%，1 段）",
    "椿 盛绽·A2：1662.97（1.36%，2 段）",
    "维里奈 大招：1395.25（1.14%，12 段）",
    "散华 A5：1390.4（1.14%，1 段）",
    "散华 QTE：1051.95（0.86%，2 段）",
    "散华 大招-引爆冰川：953.5（0.78%，1 段）",
    "维里奈 重击-强化撞1：668.3（0.55%，2 段）",
    "散华 A3：479.6（0.39%，4 段）",
    "散华 A4：440.7（0.36%，2 段）",
    "散华 A2：408.95（0.34%，1 段）",
    "维里奈 E：375.15（0.31%，2 段）",
    "散华 A1：270.55（0.22%，1 段）",
    "维里奈 A5：250.1（0.21%，1 段）",
    "维里奈 A4：235.7（0.19%，1 段）",
    "维里奈 A3：180.3（0.15%，2 段）",
    "维里奈 A2：179.35（0.15%，1 段）",
    "维里奈 A1：132.25（0.11%，1 段）",
  ],
  "byChar": {
    "散华": "15392.65（12.63%）",
    "椿": "103091.78（84.57%）",
    "维里奈": "3416.4（2.80%）",
  },
  "dps": 4136.91,
  "overflowDamage": 0,
  "totalDamage": 121900.83,
  "warnings": [
    "椿 有 20 处装配时推断的值（pnpm check:data -- --flags 椿 查看）",
    "散华 有 27 处装配时推断的值（pnpm check:data -- --flags 散华 查看）",
    "维里奈 有 13 处装配时推断的值（pnpm check:data -- --flags 维里奈 查看）",
  ],
  "windowFrames": 1768,
}
`;

exports[`场景回归快照 > m0-散华单人.yaml 1`] = `
{
  "byAction": [
    "散华 大招：3083.2（49.12%，1 段）",
    "散华 E：1277.15（20.35%，1 段）",
    "散华 A5：891（14.19%，1 段）",
    "散华 A3：307.6（4.90%，4 段）",
    "散华 A4：282.8（4.51%，2 段）",
    "散华 A2：262.35（4.18%，1 段）",
    "散华 A1：173.2（2.76%，1 段）",
  ],
  "byChar": {
    "散华": "6277.3（100.00%）",
    "椿": "0（0.00%）",
    "维里奈": "0（0.00%）",
  },
  "dps": 1340.35,
  "overflowDamage": 0,
  "totalDamage": 6277.3,
  "warnings": [
    "椿 有 20 处装配时推断的值（pnpm check:data -- --flags 椿 查看）",
    "散华 有 27 处装配时推断的值（pnpm check:data -- --flags 散华 查看）",
    "维里奈 有 13 处装配时推断的值（pnpm check:data -- --flags 维里奈 查看）",
  ],
  "windowFrames": 281,
}
`;
